TAP version 13
# Subtest: standalone Booleans preview overlaps, preserve originals, reject invalid input and reopen
ok 1 - standalone Booleans preview overlaps, preserve originals, reject invalid input and reopen
  ---
  duration_ms: 289.66887
  type: 'test'
  ...
# Subtest: standalone subtraction retains every split solid, multiple cutters and optional tools
ok 2 - standalone subtraction retains every split solid, multiple cutters and optional tools
  ---
  duration_ms: 108.29297
  type: 'test'
  ...
# Subtest: disjoint and touching Booleans distinguish successful empty solid results from errors
ok 3 - disjoint and touching Booleans distinguish successful empty solid results from errors
  ---
  duration_ms: 110.284718
  type: 'test'
  ...
# Subtest: sweep eligibility excludes bodies even from explicit targets
ok 4 - sweep eligibility excludes bodies even from explicit targets
  ---
  duration_ms: 49.616689
  type: 'test'
  ...
# Subtest: implicit sweep intersection retains multiple targets and matches explicit results
ok 5 - implicit sweep intersection retains multiple targets and matches explicit results
  ---
  duration_ms: 99.514794
  type: 'test'
  ...
# Subtest: Auto retains explicitly selected disjoint targets when another target overlaps
ok 6 - Auto retains explicitly selected disjoint targets when another target overlaps
  ---
  duration_ms: 60.353157
  type: 'test'
  ...
# Subtest: Boolean keep preferences are per mode and tolerate inaccessible persistence
ok 7 - Boolean keep preferences are per mode and tolerate inaccessible persistence
  ---
  duration_ms: 0.523091
  type: 'test'
  ...
# Subtest: draft uses per-wall end offset, angle conversion and either extrusion direction
ok 8 - draft uses per-wall end offset, angle conversion and either extrusion direction
  ---
  duration_ms: 127.360091
  type: 'test'
  ...
# Subtest: draft expands circular material and contracts holes without changing the source
ok 9 - draft expands circular material and contracts holes without changing the source
  ---
  duration_ms: 67.77546
  type: 'test'
  ...
# Subtest: draft rejects impossible angles and collapsed circles and permits recovery
ok 10 - draft rejects impossible angles and collapsed circles and permits recovery
  ---
  duration_ms: 41.173652
  type: 'test'
  ...
# Subtest: draft supports cubic profile edges with a true end offset
ok 11 - draft supports cubic profile edges with a true end offset
  ---
  duration_ms: 493.144903
  type: 'test'
  ...
# Subtest: draft rejects hole closure and colliding walls
ok 12 - draft rejects hole closure and colliding walls
  ---
  duration_ms: 43.528058
  type: 'test'
  ...
# Subtest: drafted face extrusion unions onto its source body and shares one Undo
ok 13 - drafted face extrusion unions onto its source body and shares one Undo
  ---
  duration_ms: 109.043361
  type: 'test'
  ...
# Subtest: symmetric extrusion uses signed total depth and preserves source/history
ok 14 - symmetric extrusion uses signed total depth and preserves source/history
  ---
  duration_ms: 56.521297
  type: 'test'
  ...
# Subtest: symmetric draft keeps per-cap wall offset and converts angle using half depth
ok 15 - symmetric draft keeps per-cap wall offset and converts angle using half depth
  ---
  duration_ms: 433.3109
  type: 'test'
  ...
# Subtest: symmetric twist puts opposite half angles on the caps and supports draft
ok 16 - symmetric twist puts opposite half angles on the caps and supports draft
  ---
  duration_ms: 1175.612336
  type: 'test'
  ...
# Subtest: centered extrusion participates in booleans and leaves editable caps
ok 17 - centered extrusion participates in booleans and leaves editable caps
  ---
  duration_ms: 120.269407
  type: 'test'
  ...
# Subtest: symmetric sweep preserves holes and accepts cubic twist with draft
ok 18 - symmetric sweep preserves holes and accepts cubic twist with draft
  ---
  duration_ms: 3110.668746
  type: 'test'
  ...
twist 90: 166 ms
twist -90: 141 ms
twist 450: 1084 ms
# Subtest: twisted extrusion preserves volume through signed multiple turns and off-center axes
ok 19 - twisted extrusion preserves volume through signed multiple turns and off-center axes
  ---
  duration_ms: 1393.027877
  type: 'test'
  ...
# Subtest: twisted draft retains per-wall offset for either length sign and restores through history
ok 20 - twisted draft retains per-wall offset for either length sign and restores through history
  ---
  duration_ms: 512.616546
  type: 'test'
  ...
# Subtest: twist with holes narrows holes under positive draft and rejects collapse and off-plane axes
ok 21 - twist with holes narrows holes under positive draft and rejects collapse and off-plane axes
  ---
  duration_ms: 232.104413
  type: 'test'
  ...
# Subtest: cubic profiles support twist with and without draft
ok 22 - cubic profiles support twist with and without draft
  ---
  duration_ms: 4246.43574
  type: 'test'
  ...
# Subtest: obsolete native twist is cancelled promptly and newest extrusion can use the slot
ok 23 - obsolete native twist is cancelled promptly and newest extrusion can use the slot
  ---
  duration_ms: 166.045777
  type: 'test'
  ...
# Subtest: twisted planar-face extrusion unions and twisted profile subtraction preserves stock
ok 24 - twisted planar-face extrusion unions and twisted profile subtraction preserves stock
  ---
  duration_ms: 620.334514
  type: 'test'
  ...
# Subtest: Boolean split continues tagged edges on both results; union preserves distinct same-name groups
ok 25 - Boolean split continues tagged edges on both results; union preserves distinct same-name groups
  ---
  duration_ms: 160.667148
  type: 'test'
  ...
# Subtest: cross-owner membership rejects atomically; incompatible group operations roll back script
ok 26 - cross-owner membership rejects atomically; incompatible group operations roll back script
  ---
  duration_ms: 47.804573
  type: 'test'
  ...
1..26
# tests 26
# suites 0
# pass 26
# fail 0
# cancelled 0
# skipped 0
# todo 0
# duration_ms 13991.896204
