✔ .cache/sketch-tests/tests/body-boolean.test.js (840.744224ms)
✔ .cache/sketch-tests/tests/body-offset-chain.test.js (1038.96465ms)
✔ .cache/sketch-tests/tests/body-offset-collapse.test.js (1161.88377ms)
✔ .cache/sketch-tests/tests/body-offset-contact.test.js (864.17719ms)
✔ .cache/sketch-tests/tests/body-offset-coplanar.test.js (1673.821301ms)
✔ .cache/sketch-tests/tests/body-offset-decimal-contact.test.js (1073.449025ms)
✔ .cache/sketch-tests/tests/body-offset-spline.test.js (31149.370112ms)
✔ .cache/sketch-tests/tests/body-offset.test.js (1041.232801ms)
✔ .cache/sketch-tests/tests/body-shell-capture.test.js (8538.32819ms)
✔ .cache/sketch-tests/tests/body-shell-geometry.test.js (1816.908006ms)
✔ .cache/sketch-tests/tests/body-shell-source-precision.test.js (3171.457691ms)
✔ .cache/sketch-tests/tests/body-shell-sweep.test.js (20629.75018ms)
✔ .cache/sketch-tests/tests/body-shell.test.js (1486.335718ms)
✔ .cache/sketch-tests/tests/extrude-circle-twist.test.js (2704.180057ms)
✔ .cache/sketch-tests/tests/extrude-symmetric.test.js (5696.953629ms)
✔ .cache/sketch-tests/tests/tagged-groups-boolean.test.js (405.79005ms)
ℹ tests 16
ℹ suites 0
ℹ pass 16
ℹ fail 0
ℹ cancelled 0
ℹ skipped 0
ℹ todo 0
ℹ duration_ms 83305.795141
