✔ .cache/sketch-tests/tests/body-boolean.test.js (835.412587ms)
✔ .cache/sketch-tests/tests/body-offset-chain.test.js (996.787507ms)
✔ .cache/sketch-tests/tests/body-offset-collapse.test.js (1253.799299ms)
✔ .cache/sketch-tests/tests/body-offset-contact.test.js (965.305494ms)
✔ .cache/sketch-tests/tests/body-offset-coplanar.test.js (1630.840394ms)
✔ .cache/sketch-tests/tests/body-offset-decimal-contact.test.js (1010.538152ms)
✔ .cache/sketch-tests/tests/body-offset-spline.test.js (30658.17054ms)
✔ .cache/sketch-tests/tests/body-offset.test.js (905.218356ms)
✔ .cache/sketch-tests/tests/body-shell-capture.test.js (8216.278226ms)
✔ .cache/sketch-tests/tests/body-shell-geometry.test.js (1725.075879ms)
✔ .cache/sketch-tests/tests/body-shell-source-precision.test.js (3306.223915ms)
✔ .cache/sketch-tests/tests/body-shell-sweep.test.js (20153.822762ms)
✔ .cache/sketch-tests/tests/body-shell.test.js (1183.92871ms)
✔ .cache/sketch-tests/tests/extrude-symmetric.test.js (5369.741618ms)
✔ .cache/sketch-tests/tests/tagged-groups-boolean.test.js (428.519234ms)
ℹ tests 15
ℹ suites 0
ℹ pass 15
ℹ fail 0
ℹ cancelled 0
ℹ skipped 0
ℹ todo 0
ℹ duration_ms 78650.576136
