✔ .cache/sketch-tests/tests/body-boolean.test.js (693.379311ms)
✔ .cache/sketch-tests/tests/body-offset-chain.test.js (983.894985ms)
✔ .cache/sketch-tests/tests/body-offset-collapse.test.js (1203.007475ms)
✔ .cache/sketch-tests/tests/body-offset-contact.test.js (843.235027ms)
✔ .cache/sketch-tests/tests/body-offset-coplanar.test.js (1622.981645ms)
✔ .cache/sketch-tests/tests/body-offset-decimal-contact.test.js (1024.382434ms)
✔ .cache/sketch-tests/tests/body-offset-spline.test.js (31169.605774ms)
✔ .cache/sketch-tests/tests/body-offset.test.js (853.522311ms)
✔ .cache/sketch-tests/tests/body-shell-capture.test.js (8017.627876ms)
✔ .cache/sketch-tests/tests/body-shell-geometry.test.js (1724.859085ms)
✔ .cache/sketch-tests/tests/body-shell-source-precision.test.js (3321.746746ms)
✔ .cache/sketch-tests/tests/body-shell-sweep.test.js (20042.551137ms)
✔ .cache/sketch-tests/tests/body-shell.test.js (1188.325756ms)
✔ .cache/sketch-tests/tests/extrude-symmetric.test.js (5318.103536ms)
✔ .cache/sketch-tests/tests/tagged-groups-boolean.test.js (336.625888ms)
ℹ tests 15
ℹ suites 0
ℹ pass 15
ℹ fail 0
ℹ cancelled 0
ℹ skipped 0
ℹ todo 0
ℹ duration_ms 78355.556667
