TAP version 13
# Subtest: special erosion: sphere-plane-fillet
not ok 1 - special erosion: sphere-plane-fillet
  ---
  duration_ms: 1042.807299
  type: 'test'
  location: '/workspace/makeshift/.cache/sketch-tests/tests/body-erosion-special.test.js:8:5'
  failureType: 'testCodeFailure'
  error: |-
    Expected values to be strictly equal:
    + actual - expected
    
    + 'Erosion left an open or unowned surface'
    - undefined
    
  code: 'ERR_ASSERTION'
  name: 'AssertionError'
  actual: 'Erosion left an open or unowned surface'
  operator: 'strictEqual'
  stack: |-
    TestContext.<anonymous> (file:///workspace/makeshift/.cache/sketch-tests/tests/body-erosion-special.test.js:26:20)
    process.processTicksAndRejections (node:internal/process/task_queues:104:5)
    async Test.run (node:internal/test_runner/test:1208:7)
    async startSubtestAfterBootstrap (node:internal/test_runner/harness:385:3)
  ...
1..1
# tests 1
# suites 0
# pass 0
# fail 1
# cancelled 0
# skipped 0
# todo 0
# duration_ms 1145.776544
