Preparing worktree (detached HEAD 7861122)
HEAD is now at 7861122 Align plane interaction checks and docs with single-grid visibility
-- The CXX compiler identification is GNU 14.2.0
-- Detecting CXX compiler ABI info
-- Detecting CXX compiler ABI info - done
-- Check for working CXX compiler: /usr/bin/c++ - skipped
-- Detecting CXX compile features
-- Detecting CXX compile features - done
-- Configuring done (1.0s)
-- Generating done (0.0s)
-- Build files have been written to: /tmp/makeshift-geometry-baseline-build
[  1%] Building CXX object CMakeFiles/makeshift-kernel.dir/shell.cpp.o
[  2%] Building CXX object CMakeFiles/makeshift-kernel.dir/shell-canonical.cpp.o
[  3%] Building CXX object CMakeFiles/makeshift-kernel.dir/shell-validation.cpp.o
[  3%] Building CXX object CMakeFiles/makeshift-kernel.dir/main.cpp.o
[  4%] Building CXX object CMakeFiles/makeshift-kernel.dir/extrude-draft.cpp.o
[  5%] Building CXX object CMakeFiles/makeshift-kernel.dir/cleanup.cpp.o
[  6%] Building CXX object CMakeFiles/makeshift-kernel.dir/delete-topology.cpp.o
[  7%] Building CXX object CMakeFiles/makeshift-kernel.dir/projection.cpp.o
[  8%] Building CXX object CMakeFiles/makeshift-kernel.dir/geometry.cpp.o
[  9%] Building CXX object CMakeFiles/makeshift-kernel.dir/loft.cpp.o
[ 10%] Building CXX object CMakeFiles/makeshift-kernel.dir/loft-wire.cpp.o
[ 11%] Building CXX object CMakeFiles/makeshift-kernel.dir/revolve.cpp.o
[ 12%] Building CXX object CMakeFiles/makeshift-kernel.dir/screw-sweep.cpp.o
[ 13%] Building CXX object CMakeFiles/makeshift-kernel.dir/axial-sections.cpp.o
[ 14%] Building CXX object CMakeFiles/makeshift-kernel.dir/presentation.cpp.o
[ 14%] Building CXX object CMakeFiles/makeshift-kernel.dir/transform.cpp.o
[ 15%] Building CXX object CMakeFiles/makeshift-kernel.dir/booleans.cpp.o
[ 16%] Building CXX object CMakeFiles/makeshift-kernel.dir/edge-finishes.cpp.o
[ 17%] Building CXX object CMakeFiles/makeshift-kernel.dir/face-offset.cpp.o
[ 18%] Building CXX object CMakeFiles/makeshift-kernel.dir/offset-contacts.cpp.o
[ 19%] Building CXX object CMakeFiles/makeshift-kernel.dir/face-chains.cpp.o
[ 20%] Building CXX object CMakeFiles/makeshift-kernel.dir/offset-validation.cpp.o
[ 21%] Building CXX object CMakeFiles/makeshift-kernel.dir/blend-recognition.cpp.o
[ 22%] Building CXX object CMakeFiles/makeshift-kernel.dir/blend-resize.cpp.o
[ 23%] Building CXX object CMakeFiles/makeshift-kernel.dir/boundary-move.cpp.o
[ 25%] Building CXX object CMakeFiles/makeshift-kernel.dir/boundary-edges.cpp.o
[ 25%] Building CXX object CMakeFiles/makeshift-kernel.dir/boundary-selection.cpp.o
[ 26%] Building CXX object CMakeFiles/makeshift-kernel.dir/boundary-faces.cpp.o
[ 27%] Building CXX object CMakeFiles/makeshift-kernel.dir/boundary-cylinder.cpp.o
[ 28%] Building CXX object CMakeFiles/makeshift-kernel.dir/boundary-filling.cpp.o
[ 28%] Building CXX object CMakeFiles/makeshift-kernel.dir/boundary-polynomial.cpp.o
[ 29%] Building CXX object CMakeFiles/makeshift-kernel.dir/offset-collapse.cpp.o
[ 30%] Building CXX object CMakeFiles/makeshift-kernel.dir/chamfer-recognition.cpp.o
[ 31%] Building CXX object CMakeFiles/makeshift-kernel.dir/offset-thickness.cpp.o
[ 32%] Building CXX object CMakeFiles/makeshift-kernel.dir/spherical-face-offset.cpp.o
[ 33%] Building CXX object CMakeFiles/makeshift-kernel.dir/offset-geometry.cpp.o
[ 34%] Building CXX object CMakeFiles/makeshift-kernel.dir/offset-boundaries.cpp.o
[ 35%] Building CXX object CMakeFiles/makeshift-kernel.dir/offset-result.cpp.o
[ 36%] Building CXX object CMakeFiles/makeshift-kernel.dir/measurement.cpp.o
[ 37%] Building CXX object CMakeFiles/makeshift-kernel.dir/measurement-gaps.cpp.o
[ 38%] Building CXX object CMakeFiles/makeshift-kernel.dir/measurement-planar.cpp.o
[ 39%] Building CXX object CMakeFiles/makeshift-kernel.dir/sketch-curve.cpp.o
[ 40%] Building CXX object CMakeFiles/makeshift-kernel.dir/boolean-periodic.cpp.o
[ 41%] Building CXX object CMakeFiles/makeshift-kernel.dir/extrude-twist.cpp.o
[ 42%] Building CXX object CMakeFiles/makeshift-kernel.dir/extrude-twist-curves.cpp.o
[ 42%] Building CXX object CMakeFiles/makeshift-kernel.dir/extrude-symmetric.cpp.o
[ 43%] Building CXX object CMakeFiles/makeshift-kernel.dir/normal-extrude.cpp.o
[ 44%] Building CXX object CMakeFiles/makeshift-kernel.dir/circular-rim.cpp.o
[ 45%] Building CXX object CMakeFiles/makeshift-kernel.dir/plane-cut.cpp.o
[ 46%] Building CXX object CMakeFiles/makeshift-kernel.dir/path-sweep.cpp.o
[ 47%] Building CXX object CMakeFiles/makeshift-kernel.dir/affine-planes.cpp.o
[ 48%] Building CXX object CMakeFiles/makeshift-kernel.dir/projection-contours.cpp.o
[ 49%] Building CXX object CMakeFiles/makeshift-kernel.dir/projection-junctions.cpp.o
[ 50%] Building CXX object CMakeFiles/makeshift-kernel.dir/step-export.cpp.o
[ 51%] Building CXX object CMakeFiles/makeshift-kernel.dir/sketch-offset.cpp.o
[ 52%] Building CXX object CMakeFiles/makeshift-kernel.dir/planar-face-offset.cpp.o
[ 53%] Building CXX object CMakeFiles/makeshift-kernel.dir/planar-offset-prisms.cpp.o
[ 54%] Building CXX object CMakeFiles/makeshift-kernel.dir/sketch-offset-sections.cpp.o
[ 55%] Building CXX object CMakeFiles/makeshift-kernel.dir/offset-repair.cpp.o
[ 56%] Building CXX object CMakeFiles/makeshift-kernel.dir/replace-face.cpp.o
[ 57%] Building CXX object CMakeFiles/makeshift-kernel.dir/topology-inspection.cpp.o
[ 57%] Building CXX object CMakeFiles/makeshift-kernel.dir/mesh-fit-analytic.cpp.o
[ 58%] Building CXX object CMakeFiles/makeshift-kernel.dir/mesh-fit-analytic-candidates.cpp.o
[ 59%] Building CXX object CMakeFiles/makeshift-kernel.dir/mesh-fit-analytic-assess.cpp.o
[ 60%] Building CXX object CMakeFiles/makeshift-kernel.dir/mesh-fit.cpp.o
[ 61%] Building CXX object CMakeFiles/makeshift-kernel.dir/mesh-fit-input.cpp.o
[ 62%] Building CXX object CMakeFiles/makeshift-kernel.dir/mesh-fit-search.cpp.o
[ 63%] Building CXX object CMakeFiles/makeshift-kernel.dir/mesh-fit-patches.cpp.o
[ 64%] Building CXX object CMakeFiles/makeshift-kernel.dir/mesh-fit-surface-search.cpp.o
[ 65%] Building CXX object CMakeFiles/makeshift-kernel.dir/mesh-fit-solve.cpp.o
[ 66%] Building CXX object CMakeFiles/makeshift-kernel.dir/mesh-fit-optimize.cpp.o
[ 67%] Building CXX object CMakeFiles/makeshift-kernel.dir/mesh-fit-assess.cpp.o
[ 68%] Building CXX object CMakeFiles/makeshift-kernel.dir/mesh-fit-assemble.cpp.o
[ 69%] Building CXX object CMakeFiles/makeshift-kernel.dir/mesh-fit-seams.cpp.o
[ 70%] Building CXX object CMakeFiles/makeshift-kernel.dir/mesh-fit-sphere.cpp.o
[ 71%] Building CXX object CMakeFiles/makeshift-kernel.dir/mesh-fit-layout.cpp.o
[ 71%] Building CXX object CMakeFiles/makeshift-kernel.dir/mesh-fit-area.cpp.o
[ 72%] Building CXX object CMakeFiles/makeshift-kernel.dir/erosion.cpp.o
[ 73%] Building CXX object CMakeFiles/makeshift-kernel.dir/erosion-simplify.cpp.o
[ 74%] Building CXX object CMakeFiles/makeshift-kernel.dir/erosion-validation.cpp.o
[ 75%] Building CXX object CMakeFiles/makeshift-kernel.dir/erosion-distance.cpp.o
[ 76%] Building CXX object CMakeFiles/makeshift-kernel.dir/erosion-distance-bounds.cpp.o
[ 77%] Building CXX object CMakeFiles/makeshift-kernel.dir/erosion-boundary-points.cpp.o
[ 78%] Building CXX object CMakeFiles/makeshift-kernel.dir/erosion-bezier-bounds.cpp.o
[ 79%] Building CXX object CMakeFiles/makeshift-kernel.dir/erosion-offset.cpp.o
[ 80%] Building CXX object CMakeFiles/makeshift-kernel.dir/erosion-thin-features.cpp.o
[ 81%] Building CXX object CMakeFiles/makeshift-kernel.dir/erosion-spherical-coverage.cpp.o
[ 82%] Building CXX object CMakeFiles/makeshift-kernel.dir/erosion-coverage-frame.cpp.o
[ 83%] Building CXX object CMakeFiles/makeshift-kernel.dir/erosion-field.cpp.o
[ 84%] Building CXX object CMakeFiles/makeshift-kernel.dir/erosion-field-curved.cpp.o
[ 85%] Building CXX object CMakeFiles/makeshift-kernel.dir/erosion-mesh-sections.cpp.o
[ 85%] Building CXX object CMakeFiles/makeshift-kernel.dir/erosion-field-contour.cpp.o
[ 86%] Building CXX object CMakeFiles/makeshift-kernel.dir/erosion-field-grid.cpp.o
[ 87%] Building CXX object CMakeFiles/makeshift-kernel.dir/erosion-field-components.cpp.o
[ 88%] Building CXX object CMakeFiles/makeshift-kernel.dir/erosion-field-opening.cpp.o
[ 89%] Building CXX object CMakeFiles/makeshift-kernel.dir/erosion-field-box.cpp.o
[ 90%] Building CXX object CMakeFiles/makeshift-kernel.dir/mesh-fit-ray.cpp.o
[ 91%] Building CXX object CMakeFiles/makeshift-kernel.dir/erosion-field-sections.cpp.o
[ 92%] Building CXX object CMakeFiles/makeshift-kernel.dir/erosion-surface-witness.cpp.o
[ 93%] Building CXX object CMakeFiles/makeshift-kernel.dir/erosion-field-sampling.cpp.o
[ 94%] Building CXX object CMakeFiles/makeshift-kernel.dir/erosion-field-planar.cpp.o
[ 95%] Building CXX object CMakeFiles/makeshift-kernel.dir/erosion-field-rings.cpp.o
[ 96%] Building CXX object CMakeFiles/makeshift-kernel.dir/erosion-field-surfaces.cpp.o
[ 97%] Building CXX object CMakeFiles/makeshift-kernel.dir/erosion-field-contours.cpp.o
[ 98%] Building CXX object CMakeFiles/makeshift-kernel.dir/erosion-section-classifier.cpp.o
[ 99%] Building CXX object CMakeFiles/makeshift-kernel.dir/erosion-coverage-cells.cpp.o
[100%] Linking CXX executable bin/makeshift-kernel
[100%] Built target makeshift-kernel
